{
  "name": "grunt-json-remove-fields",
  "description": "A Grunt task to remove specified fields in JSON files.",
  "version": "0.1.0",
  "homepage": "https://github.com/diepet/grunt-json-remove-fields",
  "author": {
    "name": "diepet",
    "email": "diepet@gmail.com"
  },
  "repository": {
    "type": "git",
    "url": "https://github.com/diepet/grunt-json-remove-fields.git"
  },
  "bugs": {
    "url": "https://github.com/diepet/grunt-json-remove-fields/issues"
  },
  "licenses": [
    {
      "type": "MIT",
      "url": "https://github.com/diepet/grunt-json-remove-fields/blob/master/LICENSE-MIT"
    }
  ],
  "engines": {
    "node": ">= 0.8.0"
  },
  "scripts": {
    "test": "grunt test"
  },
  "peerDependencies": {
    "grunt": "~0.4"
  },
  "keywords": [
    "gruntplugin"
  ]
}